// Jest Snapshot v1, https://goo.gl/fbAQLP

exports[`My Connected React-Redux Component renders correctly 1`] = `
<div>
  <div
    className="flexLoad"
  >
    <div
      className="lds-ring"
    >
      <div />
      <div />
      <div />
      <div />
    </div>
  </div>
</div>
`;
